Traceback (most recent call last):
  File "test.py", line 4, in <module>
    for i in range(500000000):
KeyboardInterrupt
Traceback (most recent call last):
  File "test.py", line 11, in <module>
    print(1/0)
ZeroDivisionError: division by zero
Traceback (most recent call last):
  File "test.py", line 11, in <module>
    print(1/0)
ZeroDivisionError: division by zero
Traceback (most recent call last):
  File "test.py", line 11, in <module>
    print(1/0)
ZeroDivisionError: division by zero
Traceback (most recent call last):
  File "test.py", line 11, in <module>
    print(1/0)
ZeroDivisionError: division by zero
Traceback (most recent call last):
  File "test.py", line 11, in <module>
    print(1/0)
ZeroDivisionError: division by zero
Traceback (most recent call last):
  File "test.py", line 11, in <module>
    print(1/0)
ZeroDivisionError: division by zero
Traceback (most recent call last):
  File "test.py", line 11, in <module>
    print(1/0)
ZeroDivisionError: division by zero
Traceback (most recent call last):
  File "test.py", line 11, in <module>
    print(1/0)
ZeroDivisionError: division by zero
Traceback (most recent call last):
  File "test.py", line 11, in <module>
    print(1/0)
ZeroDivisionError: division by zero
Traceback (most recent call last):
  File "test.py", line 11, in <module>
    print(1/0)
ZeroDivisionError: division by zero
